*** Using Compiler 'V6.24', folder: 'C:\Users\teren\AppData\Local\Keil_v5\ARM\ARMCLANG\Bin'
Rebuild target 'DA14585'
Note: source file '..\src\epd\spi_flash.c' - object file renamed from '.\out_DA14585\Objects\spi_flash.o' to '.\out_DA14585\Objects\spi_flash_1.o'.assembling startup_DA14585_586.s...
compiling system_DA14585_586.c...
compiling arch_sleep.c...
compiling chacha20.c...
compiling nmi_handler.c...
compiling hardfault_handler.c...
compiling arch_main.c...
compiling nvds.c...
compiling jump_table.c...
compiling arch_rom.c...
compiling arch_console.c...
compiling hash.c...
compiling arch_system.c...
compiling system_library_531_01.c...
compiling system_library_585_586.c...
compiling system_library_531.c...
compiling system_library_535.c...
compiling otp_hdr.c...
compiling battery.c...
compiling spi_58x.c...
compiling syscntl.c...
compiling wkupct_quadec.c...
compiling gpio.c...
compiling adc_58x.c...
compiling spi_flash.c...
compiling i2c_eeprom.c...
compiling uart.c...
compiling i2c.c...
compiling hw_otpc_58x.c...
compiling dma.c...
compiling ble_arp.c...
compiling rf_531.c...
compiling trng.c...
compiling rf_585.c...
compiling rwip.c...
compiling ble_arp_fpga.c...
compiling rwble.c...
compiling custom_common.c...
compiling attm_db_128.c...
compiling diss_task.c...
compiling prf_utils.c...
compiling diss.c...
compiling custs1.c...
compiling custs1_task.c...
compiling app_default_handlers.c...
compiling app.c...
compiling app_security.c...
compiling app_task.c...
compiling prf.c...
compiling app_bass.c...
compiling app_bass_task.c...
compiling app_security_task.c...
compiling app_findme.c...
compiling app_proxr_task.c...
compiling app_proxr.c...
compiling app_findme_task.c...
compiling app_diss.c...
compiling app_diss_task.c...
compiling app_entry_point.c...
compiling app_suotar_task.c...
compiling app_suotar.c...
compiling app_msg_utils.c...
compiling app_easy_security.c...
compiling app_easy_msg_utils.c...
compiling app_customs_task.c...
compiling app_bond_db.c...
compiling app_customs_common.c...
compiling app_customs.c...
compiling app_easy_timer.c...
compiling app_easy_whitelist.c...
compiling app_utils.c...
compiling user_custs1_def.c...
compiling user_custs_config.c...
compiling user_periph_setup.c...
compiling fpga.c...
compiling user_custs1_impl.c...
compiling epd.c...
compiling epd_hw.c...
compiling user_peripheral.c...
compiling spi_flash.c...
compiling epd_gui.c...
linking...
Program Size: Code=31432 RO-data=17232 RW-data=424 ZI-data=24232  
FromELF: creating hex file...
After Build - User command #1: fromelf --bincombined --output=".\out_DA14585\Objects\ble_app_peripheral_585.bin"  ".\out_DA14585\Objects\ble_app_peripheral_585.axf"
".\out_DA14585\Objects\ble_app_peripheral_585.axf" - 0 Error(s), 0 Warning(s).
Build Time Elapsed:  00:00:21
